// Jest Snapshot v1, https://goo.gl/fbAQLP

exports[`SNAPSHOT: All functionality should match prev snapshot 1`] = `
<View
  onLayout={[Function]}
  style={
    Object {
      "flex": 1,
    }
  }
>
  <RCTScrollView
    contentContainerStyle={
      Object {
        "flexDirection": "row",
        "justifyContent": "space-between",
        "width": "100%",
      }
    }
    dataSource={
      ListViewDataSource {
        "items": 0,
      }
    }
    enableEmptySections={true}
    onEndReached={[Function]}
    onEndReachedThreshold={25}
    refreshControl={undefined}
    removeClippedSubviews={false}
    renderRow={[Function]}
    renderScrollComponent={[Function]}
    scrollRenderAheadDistance={100}
  >
    <View />
  </RCTScrollView>
</View>
`;
